<!doctype html public "-//w3c//dtd html 4.0 transitional//en">
<html><head>
<title>Static Call Graph - [.\Objects\lab5.axf]</title></head>
<body><HR>
<H1>Static Call Graph for image .\Objects\lab5.axf</H1><HR>
<BR><P>#&#060CALLGRAPH&#062# ARM Linker, 6210000: Last Updated: Sat May 11 15:18:35 2024
<BR><P>
<H3>Maximum Stack Usage =          0 bytes + Unknown(Untraceable Function Pointers)</H3><H3>
Call chain for Maximum Stack Depth:</H3>

<P>
<H3>
Function Pointers
</H3><UL>
 <LI><a href="#[0]">Main</a> from lab5.o(MYCODE) referenced from lab5.o(RESET)
</UL>
<P>
<H3>
Global Symbols
</H3><P>
<H3>
Local Symbols
</H3>
<P><STRONG><a name="[0]"></a>Main</STRONG> (Thumb, 150 bytes, Stack size 0 bytes, lab5.o(MYCODE))
<BR>[Address Reference Count : 1]<UL><LI> lab5.o(RESET)
</UL><P>
<H3>
Undefined Global Symbols
</H3><HR></body></html>
