Component: Arm Compiler for Embedded 6.21 Tool: armlink [5ec1fa00]

==============================================================================

Section Cross References

    lab5.o(RESET) refers to lab5.o(STACK) for __initial_sp
    lab5.o(RESET) refers to lab5.o(MYCODE) for Main


==============================================================================

Image Symbol Table

    Local Symbols

    Symbol Name                              Value     Ov Type        Size  Object(Section)

    LAB5.s                                   0x00000000   Number         0  lab5.o ABSOLUTE
    RESET                                    0x08000000   Section        8  lab5.o(RESET)
    $v0                                      0x08000008   Number         0  lab5.o(MYCODE)
    Main                                     0x08000009   Thumb Code   150  lab5.o(MYCODE)
    MYCODE                                   0x08000008   Section      156  lab5.o(MYCODE)
    STACK                                    0x20000000   Section     1024  lab5.o(STACK)
    __initial_sp                             0x20000400   Data           0  lab5.o(STACK)

    Global Symbols

    Symbol Name                              Value     Ov Type        Size  Object(Section)

    BuildAttributes$$THM_ISAv4$E$P$D$K$B$S$7EM$VFPi3$EXTD16$VFPS$VFMA$PE$A:L22UL41UL21$X:L11$S22US41US21$IEEE1$~IW$USESV6$~STKCKD$USESV7$~SHL$OSPACE$EBA8$STANDARDLIB$PRES8$EABIv2 0x00000000   Number         0  anon$$obj.o ABSOLUTE
    __Vectors                                0x08000000   Data           4  lab5.o(RESET)



==============================================================================

Memory Map of the image

  Image Entry point : 0x08000009

  Load Region LR_IROM1 (Base: 0x08000000, Size: 0x000000a4, Max: 0x00080000, ABSOLUTE)

    Execution Region ER_IROM1 (Exec base: 0x08000000, Load base: 0x08000000, Size: 0x000000a4, Max: 0x00080000, ABSOLUTE)

    Exec Addr    Load Addr    Size         Type   Attr      Idx    E Section Name        Object

    0x08000000   0x08000000   0x00000008   Data   RO            2    RESET               lab5.o
    0x08000008   0x08000008   0x0000009c   Code   RO            3  * MYCODE              lab5.o


    Execution Region RW_IRAM1 (Exec base: 0x20000000, Load base: 0x080000a4, Size: 0x00000400, Max: 0x00018000, ABSOLUTE)

    Exec Addr    Load Addr    Size         Type   Attr      Idx    E Section Name        Object

    0x20000000        -       0x00000400   Zero   RW            1    STACK               lab5.o


==============================================================================

Image component sizes


      Code (inc. data)   RO Data    RW Data    ZI Data      Debug   Object Name

       156          6          8          0       1024        380   lab5.o

    ----------------------------------------------------------------------
       156          6          8          0       1024        380   Object Totals
         0          0          0          0          0          0   (incl. Generated)
         0          0          0          0          0          0   (incl. Padding)

    ----------------------------------------------------------------------
         0          0          0          0          0          0   Library Totals
         0          0          0          0          0          0   (incl. Padding)

    ----------------------------------------------------------------------

==============================================================================


      Code (inc. data)   RO Data    RW Data    ZI Data      Debug   

       156          6          8          0       1024        380   Grand Totals
       156          6          8          0       1024        380   ELF Image Totals
       156          6          8          0          0          0   ROM Totals

==============================================================================

    Total RO  Size (Code + RO Data)                  164 (   0.16kB)
    Total RW  Size (RW Data + ZI Data)              1024 (   1.00kB)
    Total ROM Size (Code + RO Data + RW Data)        164 (   0.16kB)

==============================================================================

